
> artisan-final@0.1.0 build
> next build

Ôû▓ Next.js 16.1.1 (Turbopack)
- Environments: .env.local

  Creating an optimized production build ...
Ô£ô Compiled successfully in 9.0s
  Running TypeScript ...
npm : Failed to compile.
At line:1 char:1
+ npm run build > build_output.log 2>&1 ; Get-Content build_output.log  ...
+ ~~~~~~~~~~~~~~~~~~~~~~~~~~~~~~~~~~~~~
    + CategoryInfo          : NotSpecified: (Failed to compile.:String) [], RemoteException
    + FullyQualifiedErrorId : NativeCommandError
 

./scripts/seed-cli.ts:4:58
Type error: Cannot find module '../backend/lib/mock-data' or its corresponding type declarations.

[0m [90m 2 |[39m [36mimport[39m { initializeApp[33m,[39m getApps[33m,[39m getApp } [36mfrom[39m 
[32m"firebase/app"[39m[33m;[39m
 [90m 3 |[39m [36mimport[39m { getFirestore[33m,[39m collection[33m,[39m getDocs[33m,[39m 
doc[33m,[39m writeBatch } [36mfrom[39m [32m"firebase/firestore"[39m[33m;[39m
[31m[1m>[22m[39m[90m 4 |[39m [36mimport[39m { [33mMOCK_ARTWORKS[39m[33m,[39m 
[33mMOCK_EVENTS[39m[33m,[39m [33mMOCK_ARTISTS[39m } [36mfrom[39m 
[32m"../backend/lib/mock-data"[39m[33m;[39m
 [90m   |[39m                                                          [31m[1m^[22m[39m
 [90m 5 |[39m
 [90m 6 |[39m [90m// Duplicate config here to avoid importing the App-specific firebase.ts which might have 
client-side dependencies[39m
 [90m 7 |[39m [36mconst[39m firebaseConfig [33m=[39m {[0m
Next.js build worker exited with code: 1 and signal: null
